#
# There is insufficient memory for the Java Runtime Environment to continue.
# Native memory allocation (malloc) failed to allocate 1048576 bytes. Error detail: AllocateHeap
# Possible reasons:
#   The system is out of physical RAM or swap space
#   This process is running with CompressedOops enabled, and the Java Heap may be blocking the growth of the native heap
# Possible solutions:
#   Reduce memory load on the system
#   Increase physical memory or swap space
#   Check if swap backing store is full
#   Decrease Java heap size (-Xmx/-Xms)
#   Decrease number of Java threads
#   Decrease Java thread stack sizes (-Xss)
#   Set larger code cache with -XX:ReservedCodeCacheSize=
#   JVM is running with Unscaled Compressed Oops mode in which the Java heap is
#     placed in the first 4GB address space. The Java Heap base address is the
#     maximum limit for the native heap growth. Please use -XX:HeapBaseMinAddress
#     to set the Java Heap base and to place the Java Heap above 4GB virtual address.
# This output file may be truncated or incomplete.
#
#  Out of Memory Error (allocation.cpp:44), pid=33260, tid=31024
#
# JRE version: OpenJDK Runtime Environment Temurin-21.0.12.1+1 (21.0.12.1+1) (build 21.0.12.1+1-LTS)
# Java VM: OpenJDK 64-Bit Server VM Temurin-21.0.12.1+1 (21.0.12.1+1-LTS, mixed mode, sharing, tiered, compressed oops, compressed class ptrs, parallel gc, windows-amd64)
# No core dump will be written. Minidumps are not enabled by default on client versions of Windows
#

---------------  S U M M A R Y ------------

Command Line: --add-modules=ALL-SYSTEM --add-opens=java.base/java.util=ALL-UNNAMED --add-opens=java.base/java.lang=ALL-UNNAMED --add-opens=java.base/sun.nio.fs=ALL-UNNAMED -Declipse.application=org.eclipse.jdt.ls.core.id1 -Dosgi.bundles.defaultStartLevel=4 -Declipse.product=org.eclipse.jdt.ls.core.product -Djava.import.generatesMetadataFilesAtProjectRoot=false -Dm2e.project.cache.size=50 -DDetectVMInstallationsJob.disabled=true -Dfile.encoding=utf8 -XX:+UseParallelGC -XX:GCTimeRatio=4 -XX:AdaptiveSizePolicyWeight=90 -Dsun.zip.disableMemoryMapping=true -Xmx2G -Xms100m -Xlog:disable -javaagent:c:\Users\user\.vscode\extensions\redhat.java-1.56.0-win32-x64\lombok\lombok-1.18.39-4050.jar -XX:+HeapDumpOnOutOfMemoryError -XX:HeapDumpPath=c:\Users\user\AppData\Roaming\Code\User\workspaceStorage\f5c56c4daec1d42e930c3d9137f263bc\redhat.java -Daether.dependencyCollector.impl=bf c:\Users\user\.vscode\extensions\redhat.java-1.56.0-win32-x64\server\plugins\org.eclipse.equinox.launcher_1.8.0.v20260804-1928.jar -configuration c:\Users\user\AppData\Roaming\Code\User\globalStorage\redhat.java\1.56.0\config_win -data c:\Users\user\AppData\Roaming\Code\User\workspaceStorage\f5c56c4daec1d42e930c3d9137f263bc\redhat.java\jdt_ws --pipe=\\.\pipe\lsp-d5564b2027f94ba503a8de33bcff9505-sock

Host: AMD Ryzen 5 PRO 4650U with Radeon Graphics, 12 cores, 7G,  Windows 11 , 64 bit Build 26100 (10.0.26100.9168)
Time: Wed Sep  9 10:29:33 2026 India Standard Time elapsed time: 76948.807435 seconds (0d 21h 22m 28s)

---------------  T H R E A D  ---------------

Current thread (0x00000246fc677250):  JavaThread "Attach Listener" daemon [_thread_in_vm, id=31024, stack(0x000000e6e8c00000,0x000000e6e8d00000) (1024K)]

Stack: [0x000000e6e8c00000,0x000000e6e8d00000]
Native frames: (J=compiled Java code, j=interpreted, Vv=VM code, C=native code)
V  [jvm.dll+0x6d83e9]
V  [jvm.dll+0x8b5736]
V  [jvm.dll+0x8b7cee]
V  [jvm.dll+0x8b83d3]
V  [jvm.dll+0x284596]
V  [jvm.dll+0xc13c7]
V  [jvm.dll+0x6d8c99]
V  [jvm.dll+0x133616]
V  [jvm.dll+0x3f8aae]
V  [jvm.dll+0x8600cd]
V  [jvm.dll+0x6d6c1d]
C  [ucrtbase.dll+0x2cd30]
C  [KERNEL32.DLL+0x2ccb7]
C  [ntdll.dll+0xaad6c]


---------------  P R O C E S S  ---------------

Threads class SMR info:
_java_thread_list=0x00000246d59ac960, length=39, elements={
0x00000246f2cbd320, 0x00000246fc6744b0, 0x00000246fa76c010, 0x00000246fc6766c0,
0x00000246fc677250, 0x00000246fc677cb0, 0x00000246fc678710, 0x00000246fc67b860,
0x00000246fc681930, 0x00000246fc8ca850, 0x00000246fc9c51a0, 0x00000246fcfafe80,
0x00000246fd06a430, 0x00000246fd0485e0, 0x00000246fd0da7b0, 0x00000246fd0c9c30,
0x00000246fcbaa790, 0x00000246fd0413f0, 0x00000246fd18c880, 0x00000246fd18dc30,
0x00000246fd18c1f0, 0x00000246ff68ef60, 0x00000246ff68ce90, 0x00000246ff68c800,
0x00000246ff68d520, 0x00000246ff68e240, 0x00000246ff68f5f0, 0x00000246ff68dbb0,
0x00000246ff68c170, 0x00000246ff68e8d0, 0x00000246ff6ce4c0, 0x00000246ff6cff00,
0x00000246ff6ceb50, 0x00000246ff6cde30, 0x00000246ff6cf1e0, 0x00000246ff6cd7a0,
0x00000246d4456720, 0x00000246d44532a0, 0x00000246d41f6000
}

Java Threads: ( => current thread )
  0x00000246f2cbd320 JavaThread "main"                              [_thread_blocked, id=2820, stack(0x000000e6e8500000,0x000000e6e8600000) (1024K)]
  0x00000246fc6744b0 JavaThread "Reference Handler"          daemon [_thread_blocked, id=25868, stack(0x000000e6e8900000,0x000000e6e8a00000) (1024K)]
  0x00000246fa76c010 JavaThread "Finalizer"                  daemon [_thread_blocked, id=20704, stack(0x000000e6e8a00000,0x000000e6e8b00000) (1024K)]
  0x00000246fc6766c0 JavaThread "Signal Dispatcher"          daemon [_thread_blocked, id=15160, stack(0x000000e6e8b00000,0x000000e6e8c00000) (1024K)]
=>0x00000246fc677250 JavaThread "Attach Listener"            daemon [_thread_in_vm, id=31024, stack(0x000000e6e8c00000,0x000000e6e8d00000) (1024K)]
  0x00000246fc677cb0 JavaThread "Service Thread"             daemon [_thread_blocked, id=34768, stack(0x000000e6e8d00000,0x000000e6e8e00000) (1024K)]
  0x00000246fc678710 JavaThread "Monitor Deflation Thread"   daemon [_thread_blocked, id=33528, stack(0x000000e6e8e00000,0x000000e6e8f00000) (1024K)]
  0x00000246fc67b860 JavaThread "C2 CompilerThread0"         daemon [_thread_blocked, id=1424, stack(0x000000e6e8f00000,0x000000e6e9000000) (1024K)]
  0x00000246fc681930 JavaThread "C1 CompilerThread0"         daemon [_thread_blocked, id=9692, stack(0x000000e6e9000000,0x000000e6e9100000) (1024K)]
  0x00000246fc8ca850 JavaThread "Common-Cleaner"             daemon [_thread_blocked, id=33832, stack(0x000000e6e9200000,0x000000e6e9300000) (1024K)]
  0x00000246fc9c51a0 JavaThread "Notification Thread"        daemon [_thread_blocked, id=34616, stack(0x000000e6e9100000,0x000000e6e9200000) (1024K)]
  0x00000246fcfafe80 JavaThread "Active Thread: Equinox Container: e176384c-d117-4412-94db-eb0139697835"        [_thread_blocked, id=22600, stack(0x000000e6e9900000,0x000000e6e9a00000) (1024K)]
  0x00000246fd06a430 JavaThread "Refresh Thread: Equinox Container: e176384c-d117-4412-94db-eb0139697835" daemon [_thread_blocked, id=15252, stack(0x000000e6e9c00000,0x000000e6e9d00000) (1024K)]
  0x00000246fd0485e0 JavaThread "Framework Event Dispatcher: Equinox Container: e176384c-d117-4412-94db-eb0139697835" daemon [_thread_blocked, id=19292, stack(0x000000e6e9d00000,0x000000e6e9e00000) (1024K)]
  0x00000246fd0da7b0 JavaThread "Start Level: Equinox Container: e176384c-d117-4412-94db-eb0139697835" daemon [_thread_blocked, id=26016, stack(0x000000e6e9b00000,0x000000e6e9c00000) (1024K)]
  0x00000246fd0c9c30 JavaThread "Bundle File Closer"         daemon [_thread_blocked, id=24508, stack(0x000000e6ea000000,0x000000e6ea100000) (1024K)]
  0x00000246fcbaa790 JavaThread "SCR Component Actor"        daemon [_thread_blocked, id=20572, stack(0x000000e6ea100000,0x000000e6ea200000) (1024K)]
  0x00000246fd0413f0 JavaThread "Worker-JM"                         [_thread_blocked, id=27188, stack(0x000000e6ea200000,0x000000e6ea300000) (1024K)]
  0x00000246fd18c880 JavaThread "JNA Cleaner"                daemon [_thread_blocked, id=24824, stack(0x000000e6ea300000,0x000000e6ea400000) (1024K)]
  0x00000246fd18dc30 JavaThread "Java indexing"              daemon [_thread_blocked, id=20852, stack(0x000000e6ea600000,0x000000e6ea700000) (1024K)]
  0x00000246fd18c1f0 JavaThread "Thread-1"                   daemon [_thread_in_native, id=3064, stack(0x000000e6eae00000,0x000000e6eaf00000) (1024K)]
  0x00000246ff68ef60 JavaThread "Thread-2"                   daemon [_thread_in_native, id=27784, stack(0x000000e6eaf00000,0x000000e6eb000000) (1024K)]
  0x00000246ff68ce90 JavaThread "Thread-3"                   daemon [_thread_in_native, id=4048, stack(0x000000e6eb000000,0x000000e6eb100000) (1024K)]
  0x00000246ff68c800 JavaThread "Thread-4"                   daemon [_thread_in_native, id=18532, stack(0x000000e6eb100000,0x000000e6eb200000) (1024K)]
  0x00000246ff68d520 JavaThread "Thread-5"                   daemon [_thread_in_native, id=30200, stack(0x000000e6eb200000,0x000000e6eb300000) (1024K)]
  0x00000246ff68e240 JavaThread "Thread-6"                   daemon [_thread_in_native, id=29276, stack(0x000000e6eb300000,0x000000e6eb400000) (1024K)]
  0x00000246ff68f5f0 JavaThread "Thread-7"                   daemon [_thread_in_native, id=25052, stack(0x000000e6eb400000,0x000000e6eb500000) (1024K)]
  0x00000246ff68dbb0 JavaThread "Thread-8"                   daemon [_thread_in_native, id=28040, stack(0x000000e6eb500000,0x000000e6eb600000) (1024K)]
  0x00000246ff68c170 JavaThread "Thread-9"                   daemon [_thread_in_native, id=18964, stack(0x000000e6eb600000,0x000000e6eb700000) (1024K)]
  0x00000246ff68e8d0 JavaThread "Thread-10"                  daemon [_thread_in_native, id=34732, stack(0x000000e6eb700000,0x000000e6eb800000) (1024K)]
  0x00000246ff6ce4c0 JavaThread "Thread-11"                  daemon [_thread_in_native, id=30716, stack(0x000000e6eb800000,0x000000e6eb900000) (1024K)]
  0x00000246ff6cff00 JavaThread "Thread-12"                  daemon [_thread_in_native, id=27944, stack(0x000000e6eb900000,0x000000e6eba00000) (1024K)]
  0x00000246ff6ceb50 JavaThread "Thread-13"                  daemon [_thread_in_native, id=27060, stack(0x000000e6eba00000,0x000000e6ebb00000) (1024K)]
  0x00000246ff6cde30 JavaThread "pool-2-thread-1"                   [_thread_blocked, id=4196, stack(0x000000e6ebb00000,0x000000e6ebc00000) (1024K)]
  0x00000246ff6cf1e0 JavaThread "WorkspaceEventsHandler"            [_thread_blocked, id=29228, stack(0x000000e6ebc00000,0x000000e6ebd00000) (1024K)]
  0x00000246ff6cd7a0 JavaThread "pool-1-thread-1"                   [_thread_blocked, id=3448, stack(0x000000e6ebd00000,0x000000e6ebe00000) (1024K)]
  0x00000246d4456720 JavaThread "Cleaner-0"                  daemon [_thread_blocked, id=18308, stack(0x000000e6ec400000,0x000000e6ec500000) (1024K)]
  0x00000246d44532a0 JavaThread "Worker-15"                         [_thread_blocked, id=22340, stack(0x000000e6e8300000,0x000000e6e8400000) (1024K)]
  0x00000246d41f6000 JavaThread "Worker-19"                         [_thread_blocked, id=7072, stack(0x000000e6ec200000,0x000000e6ec300000) (1024K)]
Total: 39

Other Threads:
  0x00000246fa7530c0 VMThread "VM Thread"                           [id=12208, stack(0x000000e6e8800000,0x000000e6e8900000) (1024K)]
  0x00000246fa64ca10 WatcherThread "VM Periodic Task Thread"        [id=27388, stack(0x000000e6e8700000,0x000000e6e8800000) (1024K)]
  0x00000246f2cdb2a0 WorkerThread "GC Thread#0"                     [id=24976, stack(0x000000e6e8600000,0x000000e6e8700000) (1024K)]
  0x00000246fc9a8680 WorkerThread "GC Thread#1"                     [id=33856, stack(0x000000e6e9300000,0x000000e6e9400000) (1024K)]
  0x00000246fc9a8a30 WorkerThread "GC Thread#2"                     [id=30560, stack(0x000000e6e9400000,0x000000e6e9500000) (1024K)]
  0x00000246fc9a8de0 WorkerThread "GC Thread#3"                     [id=32512, stack(0x000000e6e9500000,0x000000e6e9600000) (1024K)]
  0x00000246fc9a9190 WorkerThread "GC Thread#4"                     [id=32488, stack(0x000000e6e9600000,0x000000e6e9700000) (1024K)]
  0x00000246fc9a9540 WorkerThread "GC Thread#5"                     [id=32932, stack(0x000000e6e9700000,0x000000e6e9800000) (1024K)]
  0x00000246fc9a7f20 WorkerThread "GC Thread#6"                     [id=5500, stack(0x000000e6e9800000,0x000000e6e9900000) (1024K)]
  0x00000246fce6daf0 WorkerThread "GC Thread#7"                     [id=14916, stack(0x000000e6e9a00000,0x000000e6e9b00000) (1024K)]
  0x00000246fce6e250 WorkerThread "GC Thread#8"                     [id=30948, stack(0x000000e6e9e00000,0x000000e6e9f00000) (1024K)]
  0x00000246fce6cfe0 WorkerThread "GC Thread#9"                     [id=32380, stack(0x000000e6e9f00000,0x000000e6ea000000) (1024K)]
Total: 12

Threads with active compile tasks:
Total: 0

VM state: not at safepoint (normal execution)

VM Mutex/Monitor currently owned by a thread: None

Heap address: 0x0000000080000000, size: 2048 MB, Compressed Oops mode: 32-bit

CDS archive(s) mapped at: [0x000002468f000000-0x000002468fba0000-0x000002468fba0000), size 12189696, SharedBaseAddress: 0x000002468f000000, ArchiveRelocationMode: 1.
Compressed class space mapped at: 0x0000024690000000-0x00000246d0000000, reserved size: 1073741824
Narrow klass base: 0x000002468f000000, Narrow klass shift: 0, Narrow klass range: 0x100000000

GC Precious Log:
 CardTable entry size: 512
 CPUs: 12 total, 12 available
 Memory: 7505M
 Large Page Support: Disabled
 NUMA Support: Disabled
 Compressed Oops: Enabled (32-bit)
 Alignments: Space 512K, Generation 512K, Heap 2M
 Heap Min Capacity: 100M
 Heap Initial Capacity: 100M
 Heap Max Capacity: 2G
 Pre-touch: Disabled
 Parallel Workers: 10

Heap:
 PSYoungGen      total 2560K, used 792K [0x00000000d5580000, 0x00000000d5980000, 0x0000000100000000)
  eden space 2048K, 29% used [0x00000000d5580000,0x00000000d5616020,0x00000000d5780000)
  from space 512K, 37% used [0x00000000d5900000,0x00000000d5930000,0x00000000d5980000)
  to   space 512K, 0% used [0x00000000d5880000,0x00000000d5880000,0x00000000d5900000)
 ParOldGen       total 162816K, used 162645K [0x0000000080000000, 0x0000000089f00000, 0x00000000d5580000)
  object space 162816K, 99% used [0x0000000080000000,0x0000000089ed5678,0x0000000089f00000)
 Metaspace       used 69442K, committed 70720K, reserved 1114112K
  class space    used 6868K, committed 7424K, reserved 1048576K

Card table byte_map: [0x00000246f2660000,0x00000246f2a70000] _byte_map_base: 0x00000246f2260000

Marking Bits: (ParMarkBitMap*) 0x00007ffdcf3a44a0
 Begin Bits: [0x00000246f6170000, 0x00000246f8170000)
 End Bits:   [0x00000246f8170000, 0x00000246fa170000)

Polling page: 0x00000246f0b60000

Metaspace:

Usage:
  Non-class:     61.11 MB used.
      Class:      6.71 MB used.
       Both:     67.81 MB used.

Virtual space:
  Non-class space:       64.00 MB reserved,      61.81 MB ( 97%) committed,  1 nodes.
      Class space:        1.00 GB reserved,       7.25 MB ( <1%) committed,  1 nodes.
             Both:        1.06 GB reserved,      69.06 MB (  6%) committed. 

Chunk freelists:
   Non-Class:  2.09 MB
       Class:  8.69 MB
        Both:  10.78 MB

MaxMetaspaceSize: unlimited
CompressedClassSpaceSize: 1.00 GB
Initial GC threshold: 21.00 MB
Current GC threshold: 109.00 MB
CDS: on
 - commit_granule_bytes: 65536.
 - commit_granule_words: 8192.
 - virtual_space_node_default_size: 8388608.
 - enlarge_chunks_in_place: 1.
 - use_allocation_guard: 0.


Internal statistics:

num_allocs_failed_limit: 9.
num_arena_births: 1268.
num_arena_deaths: 362.
num_vsnodes_births: 2.
num_vsnodes_deaths: 0.
num_space_committed: 1105.
num_space_uncommitted: 0.
num_chunks_returned_to_freelist: 414.
num_chunks_taken_from_freelist: 4872.
num_chunk_merges: 103.
num_chunk_splits: 2780.
num_chunks_enlarged: 1523.
num_inconsistent_stats: 0.

CodeHeap 'non-profiled nmethods': size=120000Kb used=15543Kb max_used=15543Kb free=104456Kb
 bounds [0x0000024687ad0000, 0x0000024688a00000, 0x000002468f000000]
CodeHeap 'profiled nmethods': size=120000Kb used=40146Kb max_used=40146Kb free=79853Kb
 bounds [0x0000024680000000, 0x0000024682740000, 0x0000024687530000]
CodeHeap 'non-nmethods': size=5760Kb used=1461Kb max_used=1552Kb free=4298Kb
 bounds [0x0000024687530000, 0x00000246877a0000, 0x0000024687ad0000]
CodeCache: size=245760Kb, used=57150Kb, max_used=57241Kb, free=188607Kb
 total_blobs=16890, nmethods=16110, adapters=680, full_count=0
Compilation: enabled, stopped_count=0, restarted_count=0

Compilation events (20 events):
Event: 75701.872 Thread 0x00000246fc681930 17951       3       org.eclipse.jdt.ls.core.internal.JDTUtils$$Lambda/0x00000246906eab70::apply (14 bytes)
Event: 75701.892 Thread 0x00000246fc681930 nmethod 17951 0x000002468272d410 code [0x000002468272d620, 0x000002468272dd48]
Event: 75810.987 Thread 0x00000246fc681930 17952       3       org.eclipse.core.internal.utils.FileUtil::realURI (42 bytes)
Event: 75810.994 Thread 0x00000246fc681930 nmethod 17952 0x000002468272e010 code [0x000002468272e200, 0x000002468272e518]
Event: 75810.994 Thread 0x00000246fc681930 17953       1       org.eclipse.jdt.ls.core.internal.managers.StandardProjectsManager::isBuildFinished (5 bytes)
Event: 75810.994 Thread 0x00000246fc681930 nmethod 17953 0x00000246889fd010 code [0x00000246889fd1a0, 0x00000246889fd270]
Event: 75874.126 Thread 0x00000246fc67b860 17954       4       java.nio.Buffer::clear (20 bytes)
Event: 75874.130 Thread 0x00000246fc67b860 nmethod 17954 0x00000246889fd310 code [0x00000246889fd4a0, 0x00000246889fd540]
Event: 75887.794 Thread 0x00000246fc681930 17955       3       java.lang.invoke.DirectMethodHandle$Interface::checkReceiver (82 bytes)
Event: 75887.811 Thread 0x00000246fc681930 nmethod 17955 0x000002468272e690 code [0x000002468272ea20, 0x0000024682730178]
Event: 75995.825 Thread 0x00000246fc67b860 17956       4       java.util.concurrent.ThreadPoolExecutor::beforeExecute (1 bytes)
Event: 75995.827 Thread 0x00000246fc67b860 nmethod 17956 0x00000246889fd610 code [0x00000246889fd7a0, 0x00000246889fd828]
Event: 75998.094 Thread 0x00000246fc67b860 17957       4       java.util.concurrent.locks.AbstractQueuedSynchronizer$Node::getAndUnsetStatus (14 bytes)
Event: 75998.097 Thread 0x00000246fc67b860 nmethod 17957 0x00000246889fd910 code [0x00000246889fdaa0, 0x00000246889fdb70]
Event: 76103.840 Thread 0x00000246fc67b860 17958       4       java.util.concurrent.ThreadPoolExecutor::afterExecute (1 bytes)
Event: 76103.841 Thread 0x00000246fc67b860 nmethod 17958 0x00000246889fdc10 code [0x00000246889fdda0, 0x00000246889fde28]
Event: 76365.643 Thread 0x00000246fc681930 17959       3       com.google.gson.stream.JsonReader::push (133 bytes)
Event: 76365.678 Thread 0x00000246fc681930 nmethod 17959 0x0000024682730990 code [0x0000024682730c40, 0x0000024682731790]
Event: 76378.028 Thread 0x00000246fc681930 17960       3       org.eclipse.lsp4j.jsonrpc.json.adapters.MessageTypeAdapter::parseParams (231 bytes)
Event: 76378.896 Thread 0x00000246fc681930 nmethod 17960 0x0000024682731c10 code [0x0000024682731fe0, 0x0000024682733ff8]

GC Heap History (20 events):
Event: 75422.343 GC heap before
{Heap before GC invocations=253 (full 4):
 PSYoungGen      total 3584K, used 3152K [0x00000000d5580000, 0x00000000d5a00000, 0x0000000100000000)
  eden space 2560K, 100% used [0x00000000d5580000,0x00000000d5800000,0x00000000d5800000)
  from space 1024K, 57% used [0x00000000d5900000,0x00000000d5994010,0x00000000d5a00000)
  to   space 1024K, 0% used [0x00000000d5800000,0x00000000d5800000,0x00000000d5900000)
 ParOldGen       total 159232K, used 158898K [0x0000000080000000, 0x0000000089b80000, 0x00000000d5580000)
  object space 159232K, 99% used [0x0000000080000000,0x0000000089b2ca48,0x0000000089b80000)
 Metaspace       used 69404K, committed 70720K, reserved 1114112K
  class space    used 6867K, committed 7424K, reserved 1048576K
}
Event: 75422.347 GC heap after
{Heap after GC invocations=253 (full 4):
 PSYoungGen      total 3584K, used 1024K [0x00000000d5580000, 0x00000000d5c00000, 0x0000000100000000)
  eden space 2560K, 0% used [0x00000000d5580000,0x00000000d5580000,0x00000000d5800000)
  from space 1024K, 100% used [0x00000000d5800000,0x00000000d5900000,0x00000000d5900000)
  to   space 2048K, 0% used [0x00000000d5a00000,0x00000000d5a00000,0x00000000d5c00000)
 ParOldGen       total 159744K, used 159468K [0x0000000080000000, 0x0000000089c00000, 0x00000000d5580000)
  object space 159744K, 99% used [0x0000000080000000,0x0000000089bbb1c8,0x0000000089c00000)
 Metaspace       used 69404K, committed 70720K, reserved 1114112K
  class space    used 6867K, committed 7424K, reserved 1048576K
}
Event: 75422.384 GC heap before
{Heap before GC invocations=254 (full 4):
 PSYoungGen      total 3584K, used 3584K [0x00000000d5580000, 0x00000000d5c00000, 0x0000000100000000)
  eden space 2560K, 100% used [0x00000000d5580000,0x00000000d5800000,0x00000000d5800000)
  from space 1024K, 100% used [0x00000000d5800000,0x00000000d5900000,0x00000000d5900000)
  to   space 2048K, 0% used [0x00000000d5a00000,0x00000000d5a00000,0x00000000d5c00000)
 ParOldGen       total 159744K, used 159468K [0x0000000080000000, 0x0000000089c00000, 0x00000000d5580000)
  object space 159744K, 99% used [0x0000000080000000,0x0000000089bbb1c8,0x0000000089c00000)
 Metaspace       used 69404K, committed 70720K, reserved 1114112K
  class space    used 6867K, committed 7424K, reserved 1048576K
}
Event: 75422.388 GC heap after
{Heap after GC invocations=254 (full 4):
 PSYoungGen      total 3584K, used 896K [0x00000000d5580000, 0x00000000d5b00000, 0x0000000100000000)
  eden space 2560K, 0% used [0x00000000d5580000,0x00000000d5580000,0x00000000d5800000)
  from space 1024K, 87% used [0x00000000d5a00000,0x00000000d5ae0000,0x00000000d5b00000)
  to   space 1536K, 0% used [0x00000000d5800000,0x00000000d5800000,0x00000000d5980000)
 ParOldGen       total 160768K, used 160454K [0x0000000080000000, 0x0000000089d00000, 0x00000000d5580000)
  object space 160768K, 99% used [0x0000000080000000,0x0000000089cb1808,0x0000000089d00000)
 Metaspace       used 69404K, committed 70720K, reserved 1114112K
  class space    used 6867K, committed 7424K, reserved 1048576K
}
Event: 75475.287 GC heap before
{Heap before GC invocations=255 (full 4):
 PSYoungGen      total 3584K, used 3456K [0x00000000d5580000, 0x00000000d5b00000, 0x0000000100000000)
  eden space 2560K, 100% used [0x00000000d5580000,0x00000000d5800000,0x00000000d5800000)
  from space 1024K, 87% used [0x00000000d5a00000,0x00000000d5ae0000,0x00000000d5b00000)
  to   space 1536K, 0% used [0x00000000d5800000,0x00000000d5800000,0x00000000d5980000)
 ParOldGen       total 160768K, used 160454K [0x0000000080000000, 0x0000000089d00000, 0x00000000d5580000)
  object space 160768K, 99% used [0x0000000080000000,0x0000000089cb1808,0x0000000089d00000)
 Metaspace       used 69409K, committed 70720K, reserved 1114112K
  class space    used 6867K, committed 7424K, reserved 1048576K
}
Event: 75475.295 GC heap after
{Heap after GC invocations=255 (full 4):
 PSYoungGen      total 4096K, used 640K [0x00000000d5580000, 0x00000000d5a80000, 0x0000000100000000)
  eden space 2560K, 0% used [0x00000000d5580000,0x00000000d5580000,0x00000000d5800000)
  from space 1536K, 41% used [0x00000000d5800000,0x00000000d58a0020,0x00000000d5980000)
  to   space 1024K, 0% used [0x00000000d5980000,0x00000000d5980000,0x00000000d5a80000)
 ParOldGen       total 161280K, used 161113K [0x0000000080000000, 0x0000000089d80000, 0x00000000d5580000)
  object space 161280K, 99% used [0x0000000080000000,0x0000000089d564c8,0x0000000089d80000)
 Metaspace       used 69409K, committed 70720K, reserved 1114112K
  class space    used 6867K, committed 7424K, reserved 1048576K
}
Event: 75475.318 GC heap before
{Heap before GC invocations=256 (full 4):
 PSYoungGen      total 4096K, used 3200K [0x00000000d5580000, 0x00000000d5a80000, 0x0000000100000000)
  eden space 2560K, 100% used [0x00000000d5580000,0x00000000d5800000,0x00000000d5800000)
  from space 1536K, 41% used [0x00000000d5800000,0x00000000d58a0020,0x00000000d5980000)
  to   space 1024K, 0% used [0x00000000d5980000,0x00000000d5980000,0x00000000d5a80000)
 ParOldGen       total 161280K, used 161113K [0x0000000080000000, 0x0000000089d80000, 0x00000000d5580000)
  object space 161280K, 99% used [0x0000000080000000,0x0000000089d564c8,0x0000000089d80000)
 Metaspace       used 69409K, committed 70720K, reserved 1114112K
  class space    used 6867K, committed 7424K, reserved 1048576K
}
Event: 75475.321 GC heap after
{Heap after GC invocations=256 (full 4):
 PSYoungGen      total 3072K, used 1024K [0x00000000d5580000, 0x00000000d5c00000, 0x0000000100000000)
  eden space 2048K, 0% used [0x00000000d5580000,0x00000000d5580000,0x00000000d5780000)
  from space 1024K, 100% used [0x00000000d5980000,0x00000000d5a80000,0x00000000d5a80000)
  to   space 2048K, 0% used [0x00000000d5780000,0x00000000d5780000,0x00000000d5980000)
 ParOldGen       total 161792K, used 161520K [0x0000000080000000, 0x0000000089e00000, 0x00000000d5580000)
  object space 161792K, 99% used [0x0000000080000000,0x0000000089dbc018,0x0000000089e00000)
 Metaspace       used 69409K, committed 70720K, reserved 1114112K
  class space    used 6867K, committed 7424K, reserved 1048576K
}
Event: 75475.822 GC heap before
{Heap before GC invocations=257 (full 4):
 PSYoungGen      total 3072K, used 3071K [0x00000000d5580000, 0x00000000d5c00000, 0x0000000100000000)
  eden space 2048K, 99% used [0x00000000d5580000,0x00000000d577fff8,0x00000000d5780000)
  from space 1024K, 100% used [0x00000000d5980000,0x00000000d5a80000,0x00000000d5a80000)
  to   space 2048K, 0% used [0x00000000d5780000,0x00000000d5780000,0x00000000d5980000)
 ParOldGen       total 161792K, used 161520K [0x0000000080000000, 0x0000000089e00000, 0x00000000d5580000)
  object space 161792K, 99% used [0x0000000080000000,0x0000000089dbc018,0x0000000089e00000)
 Metaspace       used 69409K, committed 70720K, reserved 1114112K
  class space    used 6867K, committed 7424K, reserved 1048576K
}
Event: 75475.825 GC heap after
{Heap after GC invocations=257 (full 4):
 PSYoungGen      total 3072K, used 864K [0x00000000d5580000, 0x00000000d5a80000, 0x0000000100000000)
  eden space 2048K, 0% used [0x00000000d5580000,0x00000000d5580000,0x00000000d5780000)
  from space 1024K, 84% used [0x00000000d5780000,0x00000000d5858000,0x00000000d5880000)
  to   space 1536K, 0% used [0x00000000d5900000,0x00000000d5900000,0x00000000d5a80000)
 ParOldGen       total 162816K, used 162385K [0x0000000080000000, 0x0000000089f00000, 0x00000000d5580000)
  object space 162816K, 99% used [0x0000000080000000,0x0000000089e94778,0x0000000089f00000)
 Metaspace       used 69409K, committed 70720K, reserved 1114112K
  class space    used 6867K, committed 7424K, reserved 1048576K
}
Event: 75475.837 GC heap before
{Heap before GC invocations=258 (full 4):
 PSYoungGen      total 3072K, used 2912K [0x00000000d5580000, 0x00000000d5a80000, 0x0000000100000000)
  eden space 2048K, 100% used [0x00000000d5580000,0x00000000d5780000,0x00000000d5780000)
  from space 1024K, 84% used [0x00000000d5780000,0x00000000d5858000,0x00000000d5880000)
  to   space 1536K, 0% used [0x00000000d5900000,0x00000000d5900000,0x00000000d5a80000)
 ParOldGen       total 162816K, used 162385K [0x0000000080000000, 0x0000000089f00000, 0x00000000d5580000)
  object space 162816K, 99% used [0x0000000080000000,0x0000000089e94778,0x0000000089f00000)
 Metaspace       used 69412K, committed 70720K, reserved 1114112K
  class space    used 6867K, committed 7424K, reserved 1048576K
}
Event: 75475.841 GC heap after
{Heap after GC invocations=258 (full 4):
 PSYoungGen      total 3072K, used 800K [0x00000000d5580000, 0x00000000d5a00000, 0x0000000100000000)
  eden space 2048K, 0% used [0x00000000d5580000,0x00000000d5580000,0x00000000d5780000)
  from space 1024K, 78% used [0x00000000d5900000,0x00000000d59c8000,0x00000000d5a00000)
  to   space 1024K, 0% used [0x00000000d5780000,0x00000000d5780000,0x00000000d5880000)
 ParOldGen       total 162816K, used 162489K [0x0000000080000000, 0x0000000089f00000, 0x00000000d5580000)
  object space 162816K, 99% used [0x0000000080000000,0x0000000089eae778,0x0000000089f00000)
 Metaspace       used 69412K, committed 70720K, reserved 1114112K
  class space    used 6867K, committed 7424K, reserved 1048576K
}
Event: 75601.416 GC heap before
{Heap before GC invocations=259 (full 4):
 PSYoungGen      total 3072K, used 2848K [0x00000000d5580000, 0x00000000d5a00000, 0x0000000100000000)
  eden space 2048K, 100% used [0x00000000d5580000,0x00000000d5780000,0x00000000d5780000)
  from space 1024K, 78% used [0x00000000d5900000,0x00000000d59c8000,0x00000000d5a00000)
  to   space 1024K, 0% used [0x00000000d5780000,0x00000000d5780000,0x00000000d5880000)
 ParOldGen       total 162816K, used 162489K [0x0000000080000000, 0x0000000089f00000, 0x00000000d5580000)
  object space 162816K, 99% used [0x0000000080000000,0x0000000089eae778,0x0000000089f00000)
 Metaspace       used 69419K, committed 70720K, reserved 1114112K
  class space    used 6867K, committed 7424K, reserved 1048576K
}
Event: 75601.434 GC heap after
{Heap after GC invocations=259 (full 4):
 PSYoungGen      total 3072K, used 288K [0x00000000d5580000, 0x00000000d5980000, 0x0000000100000000)
  eden space 2048K, 0% used [0x00000000d5580000,0x00000000d5580000,0x00000000d5780000)
  from space 1024K, 28% used [0x00000000d5780000,0x00000000d57c8000,0x00000000d5880000)
  to   space 512K, 0% used [0x00000000d5900000,0x00000000d5900000,0x00000000d5980000)
 ParOldGen       total 162816K, used 162521K [0x0000000080000000, 0x0000000089f00000, 0x00000000d5580000)
  object space 162816K, 99% used [0x0000000080000000,0x0000000089eb6778,0x0000000089f00000)
 Metaspace       used 69419K, committed 70720K, reserved 1114112K
  class space    used 6867K, committed 7424K, reserved 1048576K
}
Event: 75738.321 GC heap before
{Heap before GC invocations=260 (full 4):
 PSYoungGen      total 3072K, used 2336K [0x00000000d5580000, 0x00000000d5980000, 0x0000000100000000)
  eden space 2048K, 100% used [0x00000000d5580000,0x00000000d5780000,0x00000000d5780000)
  from space 1024K, 28% used [0x00000000d5780000,0x00000000d57c8000,0x00000000d5880000)
  to   space 512K, 0% used [0x00000000d5900000,0x00000000d5900000,0x00000000d5980000)
 ParOldGen       total 162816K, used 162521K [0x0000000080000000, 0x0000000089f00000, 0x00000000d5580000)
  object space 162816K, 99% used [0x0000000080000000,0x0000000089eb6778,0x0000000089f00000)
 Metaspace       used 69432K, committed 70720K, reserved 1114112K
  class space    used 6867K, committed 7424K, reserved 1048576K
}
Event: 75738.341 GC heap after
{Heap after GC invocations=260 (full 4):
 PSYoungGen      total 2560K, used 288K [0x00000000d5580000, 0x00000000d5980000, 0x0000000100000000)
  eden space 2048K, 0% used [0x00000000d5580000,0x00000000d5580000,0x00000000d5780000)
  from space 512K, 56% used [0x00000000d5900000,0x00000000d5948000,0x00000000d5980000)
  to   space 512K, 0% used [0x00000000d5880000,0x00000000d5880000,0x00000000d5900000)
 ParOldGen       total 162816K, used 162621K [0x0000000080000000, 0x0000000089f00000, 0x00000000d5580000)
  object space 162816K, 99% used [0x0000000080000000,0x0000000089ecf678,0x0000000089f00000)
 Metaspace       used 69432K, committed 70720K, reserved 1114112K
  class space    used 6867K, committed 7424K, reserved 1048576K
}
Event: 75851.656 GC heap before
{Heap before GC invocations=261 (full 4):
 PSYoungGen      total 2560K, used 2336K [0x00000000d5580000, 0x00000000d5980000, 0x0000000100000000)
  eden space 2048K, 100% used [0x00000000d5580000,0x00000000d5780000,0x00000000d5780000)
  from space 512K, 56% used [0x00000000d5900000,0x00000000d5948000,0x00000000d5980000)
  to   space 512K, 0% used [0x00000000d5880000,0x00000000d5880000,0x00000000d5900000)
 ParOldGen       total 162816K, used 162621K [0x0000000080000000, 0x0000000089f00000, 0x00000000d5580000)
  object space 162816K, 99% used [0x0000000080000000,0x0000000089ecf678,0x0000000089f00000)
 Metaspace       used 69432K, committed 70720K, reserved 1114112K
  class space    used 6867K, committed 7424K, reserved 1048576K
}
Event: 75851.972 GC heap after
{Heap after GC invocations=261 (full 4):
 PSYoungGen      total 2560K, used 224K [0x00000000d5580000, 0x00000000d5980000, 0x0000000100000000)
  eden space 2048K, 0% used [0x00000000d5580000,0x00000000d5580000,0x00000000d5780000)
  from space 512K, 43% used [0x00000000d5880000,0x00000000d58b8000,0x00000000d5900000)
  to   space 512K, 0% used [0x00000000d5900000,0x00000000d5900000,0x00000000d5980000)
 ParOldGen       total 162816K, used 162637K [0x0000000080000000, 0x0000000089f00000, 0x00000000d5580000)
  object space 162816K, 99% used [0x0000000080000000,0x0000000089ed3678,0x0000000089f00000)
 Metaspace       used 69432K, committed 70720K, reserved 1114112K
  class space    used 6867K, committed 7424K, reserved 1048576K
}
Event: 76378.220 GC heap before
{Heap before GC invocations=262 (full 4):
 PSYoungGen      total 2560K, used 2272K [0x00000000d5580000, 0x00000000d5980000, 0x0000000100000000)
  eden space 2048K, 100% used [0x00000000d5580000,0x00000000d5780000,0x00000000d5780000)
  from space 512K, 43% used [0x00000000d5880000,0x00000000d58b8000,0x00000000d5900000)
  to   space 512K, 0% used [0x00000000d5900000,0x00000000d5900000,0x00000000d5980000)
 ParOldGen       total 162816K, used 162637K [0x0000000080000000, 0x0000000089f00000, 0x00000000d5580000)
  object space 162816K, 99% used [0x0000000080000000,0x0000000089ed3678,0x0000000089f00000)
 Metaspace       used 69433K, committed 70720K, reserved 1114112K
  class space    used 6867K, committed 7424K, reserved 1048576K
}
Event: 76378.736 GC heap after
{Heap after GC invocations=262 (full 4):
 PSYoungGen      total 2560K, used 192K [0x00000000d5580000, 0x00000000d5980000, 0x0000000100000000)
  eden space 2048K, 0% used [0x00000000d5580000,0x00000000d5580000,0x00000000d5780000)
  from space 512K, 37% used [0x00000000d5900000,0x00000000d5930000,0x00000000d5980000)
  to   space 512K, 0% used [0x00000000d5880000,0x00000000d5880000,0x00000000d5900000)
 ParOldGen       total 162816K, used 162645K [0x0000000080000000, 0x0000000089f00000, 0x00000000d5580000)
  object space 162816K, 99% used [0x0000000080000000,0x0000000089ed5678,0x0000000089f00000)
 Metaspace       used 69433K, committed 70720K, reserved 1114112K
  class space    used 6867K, committed 7424K, reserved 1048576K
}

Dll operation events (20 events):
Event: 0.021 Attempting to load shared library c:\Users\user\.vscode\extensions\redhat.java-1.56.0-win32-x64\jre\21.0.12.1-win32-x86_64\bin\java.dll
Event: 0.022 Loaded shared library c:\Users\user\.vscode\extensions\redhat.java-1.56.0-win32-x64\jre\21.0.12.1-win32-x86_64\bin\java.dll
Event: 0.242 Attempting to load shared library c:\Users\user\.vscode\extensions\redhat.java-1.56.0-win32-x64\jre\21.0.12.1-win32-x86_64\bin\zip.dll
Event: 0.243 Loaded shared library c:\Users\user\.vscode\extensions\redhat.java-1.56.0-win32-x64\jre\21.0.12.1-win32-x86_64\bin\zip.dll
Event: 0.288 Attempting to load shared library C:\Users\user\.vscode\extensions\redhat.java-1.56.0-win32-x64\jre\21.0.12.1-win32-x86_64\bin\instrument.dll
Event: 0.288 Loaded shared library C:\Users\user\.vscode\extensions\redhat.java-1.56.0-win32-x64\jre\21.0.12.1-win32-x86_64\bin\instrument.dll
Event: 0.298 Attempting to load shared library C:\Users\user\.vscode\extensions\redhat.java-1.56.0-win32-x64\jre\21.0.12.1-win32-x86_64\bin\net.dll
Event: 0.300 Loaded shared library C:\Users\user\.vscode\extensions\redhat.java-1.56.0-win32-x64\jre\21.0.12.1-win32-x86_64\bin\net.dll
Event: 0.304 Attempting to load shared library C:\Users\user\.vscode\extensions\redhat.java-1.56.0-win32-x64\jre\21.0.12.1-win32-x86_64\bin\nio.dll
Event: 0.305 Loaded shared library C:\Users\user\.vscode\extensions\redhat.java-1.56.0-win32-x64\jre\21.0.12.1-win32-x86_64\bin\nio.dll
Event: 0.312 Attempting to load shared library C:\Users\user\.vscode\extensions\redhat.java-1.56.0-win32-x64\jre\21.0.12.1-win32-x86_64\bin\zip.dll
Event: 0.312 Loaded shared library C:\Users\user\.vscode\extensions\redhat.java-1.56.0-win32-x64\jre\21.0.12.1-win32-x86_64\bin\zip.dll
Event: 0.367 Attempting to load shared library C:\Users\user\.vscode\extensions\redhat.java-1.56.0-win32-x64\jre\21.0.12.1-win32-x86_64\bin\jimage.dll
Event: 0.367 Loaded shared library C:\Users\user\.vscode\extensions\redhat.java-1.56.0-win32-x64\jre\21.0.12.1-win32-x86_64\bin\jimage.dll
Event: 0.510 Attempting to load shared library c:\Users\user\.vscode\extensions\redhat.java-1.56.0-win32-x64\jre\21.0.12.1-win32-x86_64\bin\verify.dll
Event: 0.511 Loaded shared library c:\Users\user\.vscode\extensions\redhat.java-1.56.0-win32-x64\jre\21.0.12.1-win32-x86_64\bin\verify.dll
Event: 9.120 Attempting to load shared library C:\Users\user\AppData\Roaming\Code\User\globalStorage\redhat.java\1.56.0\config_win\org.eclipse.equinox.launcher\org.eclipse.equinox.launcher.win32.win32.x86_64_1.3.100.v20260804-1928\eclipse_11924.dll
Event: 9.271 Loaded shared library C:\Users\user\AppData\Roaming\Code\User\globalStorage\redhat.java\1.56.0\config_win\org.eclipse.equinox.launcher\org.eclipse.equinox.launcher.win32.win32.x86_64_1.3.100.v20260804-1928\eclipse_11924.dll
Event: 18.316 Attempting to load shared library C:\Users\user\AppData\Local\Temp\jna-3599307\jna6161479618702371328.dll
Event: 18.422 Loaded shared library C:\Users\user\AppData\Local\Temp\jna-3599307\jna6161479618702371328.dll

Deoptimization events (20 events):
Event: 75411.356 Thread 0x00000246d41f45c0 DEOPT PACKING pc=0x00000246889be25c sp=0x000000e6ea4fe6f0
Event: 75411.357 Thread 0x00000246d41f45c0 DEOPT UNPACKING pc=0x0000024687583aa2 sp=0x000000e6ea4fe6f0 mode 2
Event: 75421.091 Thread 0x00000246ff6cd7a0 Uncommon trap: trap_request=0xffffff45 fr.pc=0x00000246884fdc7c relative=0x0000000000001a1c
Event: 75421.093 Thread 0x00000246ff6cd7a0 Uncommon trap: reason=unstable_if action=reinterpret pc=0x00000246884fdc7c method=org.eclipse.jdt.core.dom.DefaultCommentMapper.storeTrailingComments(Lorg/eclipse/jdt/core/dom/ASTNode;IZ[I)I @ 287 c2
Event: 75421.094 Thread 0x00000246ff6cd7a0 DEOPT PACKING pc=0x00000246884fdc7c sp=0x000000e6ebdfd730
Event: 75421.094 Thread 0x00000246ff6cd7a0 DEOPT UNPACKING pc=0x0000024687583aa2 sp=0x000000e6ebdfd698 mode 2
Event: 75421.130 Thread 0x00000246ff6cd7a0 DEOPT PACKING pc=0x0000024680d611fe sp=0x000000e6ebdfdf90
Event: 75421.133 Thread 0x00000246ff6cd7a0 DEOPT UNPACKING pc=0x0000024687584242 sp=0x000000e6ebdfd470 mode 0
Event: 75475.825 Thread 0x00000246d41f6000 Uncommon trap: trap_request=0xffffff45 fr.pc=0x00000246888fd934 relative=0x0000000000000b94
Event: 75475.825 Thread 0x00000246d41f6000 Uncommon trap: reason=unstable_if action=reinterpret pc=0x00000246888fd934 method=org.eclipse.jdt.internal.compiler.ast.CompilationUnitDeclaration.recordSuppressWarnings(Lorg/eclipse/jdt/internal/compiler/impl/IrritantSet;Lorg/eclipse/jdt/internal/compile
Event: 75475.825 Thread 0x00000246d41f6000 DEOPT PACKING pc=0x00000246888fd934 sp=0x000000e6ec2fe0b0
Event: 75475.825 Thread 0x00000246d41f6000 DEOPT UNPACKING pc=0x0000024687583aa2 sp=0x000000e6ec2fe050 mode 2
Event: 75558.710 Thread 0x00000246ff6cd7a0 Uncommon trap: trap_request=0xffffff45 fr.pc=0x00000246887423f8 relative=0x0000000000001ad8
Event: 75558.711 Thread 0x00000246ff6cd7a0 Uncommon trap: reason=unstable_if action=reinterpret pc=0x00000246887423f8 method=org.eclipse.jdt.internal.compiler.parser.Scanner.getNextToken0()Lorg/eclipse/jdt/internal/compiler/parser/TerminalToken; @ 1390 c2
Event: 75558.711 Thread 0x00000246ff6cd7a0 DEOPT PACKING pc=0x00000246887423f8 sp=0x000000e6ebdfdca0
Event: 75558.711 Thread 0x00000246ff6cd7a0 DEOPT UNPACKING pc=0x0000024687583aa2 sp=0x000000e6ebdfdbe0 mode 2
Event: 75558.731 Thread 0x00000246ff6cd7a0 Uncommon trap: trap_request=0xffffffde fr.pc=0x0000024688090b7c relative=0x000000000000059c
Event: 75558.731 Thread 0x00000246ff6cd7a0 Uncommon trap: reason=class_check action=maybe_recompile pc=0x0000024688090b7c method=java.util.HashMap.removeNode(ILjava/lang/Object;Ljava/lang/Object;ZZ)Ljava/util/HashMap$Node; @ 143 c2
Event: 75558.731 Thread 0x00000246ff6cd7a0 DEOPT PACKING pc=0x0000024688090b7c sp=0x000000e6ebdfdf00
Event: 75558.731 Thread 0x00000246ff6cd7a0 DEOPT UNPACKING pc=0x0000024687583aa2 sp=0x000000e6ebdfddf8 mode 2

Classes loaded (20 events):
Event: 4104.025 Loading class java/util/stream/Nodes$AbstractConcNode done
Event: 4104.025 Loading class java/util/stream/Nodes$ConcNode done
Event: 4104.100 Loading class java/io/ObjectOutputStream$BlockDataOutputStream
Event: 4104.102 Loading class java/io/ObjectOutputStream$BlockDataOutputStream done
Event: 4104.102 Loading class java/io/ObjectOutputStream$HandleTable
Event: 4104.103 Loading class java/io/ObjectOutputStream$HandleTable done
Event: 4104.104 Loading class java/io/ObjectOutputStream$ReplaceTable
Event: 4104.104 Loading class java/io/ObjectOutputStream$ReplaceTable done
Event: 72396.929 Loading class java/util/concurrent/ConcurrentHashMap$TreeNode
Event: 72396.934 Loading class java/util/concurrent/ConcurrentHashMap$TreeNode done
Event: 72396.935 Loading class java/util/concurrent/ConcurrentHashMap$TreeBin
Event: 72396.942 Loading class java/util/concurrent/ConcurrentHashMap$TreeBin done
Event: 72701.240 Loading class jdk/internal/ref/CleanerImpl$InnocuousThreadFactory
Event: 72701.241 Loading class jdk/internal/ref/CleanerImpl$InnocuousThreadFactory done
Event: 72701.496 Loading class java/util/ArrayDeque$DeqSpliterator
Event: 72701.498 Loading class java/util/ArrayDeque$DeqSpliterator done
Event: 73989.655 Loading class java/lang/Throwable$WrappedPrintWriter
Event: 73989.674 Loading class java/lang/Throwable$PrintStreamOrWriter
Event: 73989.679 Loading class java/lang/Throwable$PrintStreamOrWriter done
Event: 73989.680 Loading class java/lang/Throwable$WrappedPrintWriter done

Classes unloaded (20 events):
Event: 72524.266 Thread 0x00000246fa7530c0 Unloading class 0x0000024690014800 'java/lang/invoke/LambdaForm$MH+0x0000024690014800'
Event: 72524.266 Thread 0x00000246fa7530c0 Unloading class 0x000002469000d800 'java/lang/invoke/LambdaForm$MH+0x000002469000d800'
Event: 72524.266 Thread 0x00000246fa7530c0 Unloading class 0x000002469000d400 'java/lang/invoke/LambdaForm$MH+0x000002469000d400'
Event: 72524.266 Thread 0x00000246fa7530c0 Unloading class 0x000002469000d000 'java/lang/invoke/LambdaForm$MH+0x000002469000d000'
Event: 72524.266 Thread 0x00000246fa7530c0 Unloading class 0x000002469000cc00 'java/lang/invoke/LambdaForm$MH+0x000002469000cc00'
Event: 72524.266 Thread 0x00000246fa7530c0 Unloading class 0x000002469000c800 'java/lang/invoke/LambdaForm$BMH+0x000002469000c800'
Event: 72524.266 Thread 0x00000246fa7530c0 Unloading class 0x000002469000c000 'java/lang/invoke/LambdaForm$DMH+0x000002469000c000'
Event: 72524.266 Thread 0x00000246fa7530c0 Unloading class 0x0000024690008c00 'java/lang/invoke/LambdaForm$MH+0x0000024690008c00'
Event: 72524.266 Thread 0x00000246fa7530c0 Unloading class 0x0000024690008800 'java/lang/invoke/LambdaForm$MH+0x0000024690008800'
Event: 72524.266 Thread 0x00000246fa7530c0 Unloading class 0x0000024690008400 'java/lang/invoke/LambdaForm$MH+0x0000024690008400'
Event: 72524.267 Thread 0x00000246fa7530c0 Unloading class 0x0000024690007000 'java/lang/invoke/LambdaForm$MH+0x0000024690007000'
Event: 72524.267 Thread 0x00000246fa7530c0 Unloading class 0x0000024690006800 'java/lang/invoke/LambdaForm$MH+0x0000024690006800'
Event: 72524.267 Thread 0x00000246fa7530c0 Unloading class 0x0000024690006400 'java/lang/invoke/LambdaForm$MH+0x0000024690006400'
Event: 72524.267 Thread 0x00000246fa7530c0 Unloading class 0x0000024690006000 'java/lang/invoke/LambdaForm$MH+0x0000024690006000'
Event: 72524.267 Thread 0x00000246fa7530c0 Unloading class 0x0000024690005c00 'java/lang/invoke/LambdaForm$BMH+0x0000024690005c00'
Event: 72524.267 Thread 0x00000246fa7530c0 Unloading class 0x0000024690004800 'java/lang/invoke/LambdaForm$DMH+0x0000024690004800'
Event: 72524.267 Thread 0x00000246fa7530c0 Unloading class 0x0000024690002400 'java/lang/invoke/LambdaForm$MH+0x0000024690002400'
Event: 72524.267 Thread 0x00000246fa7530c0 Unloading class 0x0000024690002000 'java/lang/invoke/LambdaForm$MH+0x0000024690002000'
Event: 72524.267 Thread 0x00000246fa7530c0 Unloading class 0x0000024690001800 'java/lang/invoke/LambdaForm$MH+0x0000024690001800'
Event: 72524.267 Thread 0x00000246fa7530c0 Unloading class 0x0000024690000400 'java/lang/invoke/LambdaForm$MH+0x0000024690000400'

Classes redefined (0 events):
No events

Internal exceptions (20 events):
Event: 73727.362 Thread 0x00000246fd18dc30 Exception <a 'sun/nio/fs/WindowsException'{0x00000000d5680cd8}> (0x00000000d5680cd8) 
thrown [s\src\hotspot\share\prims\jni.cpp, line 520]
Event: 73727.409 Thread 0x00000246fd18dc30 Exception <a 'sun/nio/fs/WindowsException'{0x00000000d58036c0}> (0x00000000d58036c0) 
thrown [s\src\hotspot\share\prims\jni.cpp, line 520]
Event: 74067.350 Thread 0x00000246ff6cd7a0 Exception <a 'sun/nio/fs/WindowsException'{0x00000000d56db648}> (0x00000000d56db648) 
thrown [s\src\hotspot\share\prims\jni.cpp, line 520]
Event: 74067.504 Thread 0x00000246ff6cd7a0 Implicit null exception at 0x00000246886b2835 to 0x00000246886b4868
Event: 74067.735 Thread 0x00000246fd18dc30 Exception <a 'sun/nio/fs/WindowsException'{0x00000000d56f58f0}> (0x00000000d56f58f0) 
thrown [s\src\hotspot\share\prims\jni.cpp, line 520]
Event: 74067.764 Thread 0x00000246fd18dc30 Exception <a 'sun/nio/fs/WindowsException'{0x00000000d572e3b0}> (0x00000000d572e3b0) 
thrown [s\src\hotspot\share\prims\jni.cpp, line 520]
Event: 74067.918 Thread 0x00000246d4457440 Implicit null exception at 0x00000246880e3bf1 to 0x00000246880e9124
Event: 74068.549 Thread 0x00000246d4457440 Implicit null exception at 0x0000024688232354 to 0x0000024688234c8c
Event: 74107.901 Thread 0x00000246ff6cd7a0 Exception <a 'sun/nio/fs/WindowsException'{0x00000000d57db1b0}> (0x00000000d57db1b0) 
thrown [s\src\hotspot\share\prims\jni.cpp, line 520]
Event: 74108.015 Thread 0x00000246fd18dc30 Exception <a 'sun/nio/fs/WindowsException'{0x00000000d55b1790}> (0x00000000d55b1790) 
thrown [s\src\hotspot\share\prims\jni.cpp, line 520]
Event: 74108.034 Thread 0x00000246fd18dc30 Exception <a 'sun/nio/fs/WindowsException'{0x00000000d55ed320}> (0x00000000d55ed320) 
thrown [s\src\hotspot\share\prims\jni.cpp, line 520]
Event: 75379.239 Thread 0x00000246ff6cd7a0 Exception <a 'sun/nio/fs/WindowsException'{0x00000000d56dd860}> (0x00000000d56dd860) 
thrown [s\src\hotspot\share\prims\jni.cpp, line 520]
Event: 75379.643 Thread 0x00000246fd18dc30 Exception <a 'sun/nio/fs/WindowsException'{0x00000000d5676b90}> (0x00000000d5676b90) 
thrown [s\src\hotspot\share\prims\jni.cpp, line 520]
Event: 75379.664 Thread 0x00000246fd18dc30 Exception <a 'sun/nio/fs/WindowsException'{0x00000000d56b1d68}> (0x00000000d56b1d68) 
thrown [s\src\hotspot\share\prims\jni.cpp, line 520]
Event: 75410.814 Thread 0x00000246ff6cd7a0 Exception <a 'sun/nio/fs/WindowsException'{0x00000000d5626188}> (0x00000000d5626188) 
thrown [s\src\hotspot\share\prims\jni.cpp, line 520]
Event: 75410.951 Thread 0x00000246fd18dc30 Exception <a 'sun/nio/fs/WindowsException'{0x00000000d5743ef0}> (0x00000000d5743ef0) 
thrown [s\src\hotspot\share\prims\jni.cpp, line 520]
Event: 75410.968 Thread 0x00000246fd18dc30 Exception <a 'sun/nio/fs/WindowsException'{0x00000000d57c66e8}> (0x00000000d57c66e8) 
thrown [s\src\hotspot\share\prims\jni.cpp, line 520]
Event: 75421.130 Thread 0x00000246ff6cd7a0 Exception <a 'sun/nio/fs/WindowsException'{0x00000000d56a9f18}> (0x00000000d56a9f18) 
thrown [s\src\hotspot\share\prims\jni.cpp, line 520]
Event: 75422.263 Thread 0x00000246fd18dc30 Exception <a 'sun/nio/fs/WindowsException'{0x00000000d56e5020}> (0x00000000d56e5020) 
thrown [s\src\hotspot\share\prims\jni.cpp, line 520]
Event: 75422.314 Thread 0x00000246fd18dc30 Exception <a 'sun/nio/fs/WindowsException'{0x00000000d5580750}> (0x00000000d5580750) 
thrown [s\src\hotspot\share\prims\jni.cpp, line 520]

ZGC Phase Switch (0 events):
No events

VM Operations (20 events):
Event: 76493.089 Executing non-safepoint VM operation: HandshakeAllThreads (HandshakeForDeflation)
Event: 76493.089 Executing non-safepoint VM operation: HandshakeAllThreads (HandshakeForDeflation) done
Event: 76493.089 Executing non-safepoint VM operation: RendezvousGCThreads
Event: 76493.089 Executing non-safepoint VM operation: RendezvousGCThreads done
Event: 76673.474 Executing non-safepoint VM operation: HandshakeAllThreads (HandshakeForDeflation)
Event: 76673.474 Executing non-safepoint VM operation: HandshakeAllThreads (HandshakeForDeflation) done
Event: 76673.474 Executing non-safepoint VM operation: RendezvousGCThreads
Event: 76673.474 Executing non-safepoint VM operation: RendezvousGCThreads done
Event: 76733.610 Executing non-safepoint VM operation: HandshakeAllThreads (HandshakeForDeflation)
Event: 76733.610 Executing non-safepoint VM operation: HandshakeAllThreads (HandshakeForDeflation) done
Event: 76733.610 Executing non-safepoint VM operation: RendezvousGCThreads
Event: 76733.610 Executing non-safepoint VM operation: RendezvousGCThreads done
Event: 76793.729 Executing non-safepoint VM operation: HandshakeAllThreads (HandshakeForDeflation)
Event: 76793.730 Executing non-safepoint VM operation: HandshakeAllThreads (HandshakeForDeflation) done
Event: 76793.730 Executing non-safepoint VM operation: RendezvousGCThreads
Event: 76793.730 Executing non-safepoint VM operation: RendezvousGCThreads done
Event: 76853.822 Executing non-safepoint VM operation: HandshakeAllThreads (HandshakeForDeflation)
Event: 76853.823 Executing non-safepoint VM operation: HandshakeAllThreads (HandshakeForDeflation) done
Event: 76853.823 Executing non-safepoint VM operation: RendezvousGCThreads
Event: 76853.823 Executing non-safepoint VM operation: RendezvousGCThreads done

Memory protections (0 events):
No events

Nmethod flushes (20 events):
Event: 72524.749 Thread 0x00000246fa7530c0 flushing  nmethod 0x0000024680f4f710
Event: 72524.749 Thread 0x00000246fa7530c0 flushing  nmethod 0x0000024680f92410
Event: 72524.749 Thread 0x00000246fa7530c0 flushing  nmethod 0x0000024680fd1010
Event: 72524.750 Thread 0x00000246fa7530c0 flushing osr nmethod 0x0000024680fd4e90
Event: 72524.750 Thread 0x00000246fa7530c0 flushing osr nmethod 0x0000024680fd6390
Event: 72524.751 Thread 0x00000246fa7530c0 flushing  nmethod 0x0000024681004110
Event: 72524.751 Thread 0x00000246fa7530c0 flushing  nmethod 0x0000024681004490
Event: 72524.751 Thread 0x00000246fa7530c0 flushing  nmethod 0x0000024681004990
Event: 72524.751 Thread 0x00000246fa7530c0 flushing  nmethod 0x0000024681011110
Event: 72524.751 Thread 0x00000246fa7530c0 flushing  nmethod 0x0000024681012990
Event: 72524.751 Thread 0x00000246fa7530c0 flushing  nmethod 0x000002468102d690
Event: 72524.751 Thread 0x00000246fa7530c0 flushing  nmethod 0x0000024681032f90
Event: 72524.751 Thread 0x00000246fa7530c0 flushing  nmethod 0x0000024681034290
Event: 72524.751 Thread 0x00000246fa7530c0 flushing  nmethod 0x0000024681035690
Event: 72524.751 Thread 0x00000246fa7530c0 flushing  nmethod 0x0000024681045b90
Event: 72524.751 Thread 0x00000246fa7530c0 flushing osr nmethod 0x0000024681067e90
Event: 72524.751 Thread 0x00000246fa7530c0 flushing osr nmethod 0x0000024681084990
Event: 72524.751 Thread 0x00000246fa7530c0 flushing  nmethod 0x00000246810b0990
Event: 72524.751 Thread 0x00000246fa7530c0 flushing  nmethod 0x00000246810ccb90
Event: 72524.751 Thread 0x00000246fa7530c0 flushing osr nmethod 0x00000246810e0110

Events (20 events):
Event: 75379.707 Thread 0x00000246d41f6000 Thread added: 0x00000246d41f52e0
Event: 75379.731 Thread 0x00000246d41f6000 Thread added: 0x00000246d41f73b0
Event: 75410.989 Thread 0x00000246d44532a0 Thread added: 0x00000246d41f45c0
Event: 75410.997 Thread 0x00000246d44532a0 Thread added: 0x00000246d41f4c50
Event: 75410.997 Thread 0x00000246d44532a0 Thread added: 0x00000246d41f6690
Event: 75412.206 Thread 0x00000246d41f6000 Thread added: 0x00000246d41f3f30
Event: 75422.286 Thread 0x00000246d44532a0 Thread added: 0x00000246d41f7a40
Event: 75422.286 Thread 0x00000246d44532a0 Thread added: 0x00000246d41f80d0
Event: 75482.401 Thread 0x00000246d41f73b0 Thread exited: 0x00000246d41f73b0
Event: 75535.819 Thread 0x00000246d41f45c0 Thread exited: 0x00000246d41f45c0
Event: 75679.676 Thread 0x00000246d44532a0 Thread added: 0x00000246d41f73b0
Event: 75679.681 Thread 0x00000246d41f73b0 Thread exited: 0x00000246d41f73b0
Event: 75679.688 Thread 0x00000246d44532a0 Thread added: 0x00000246d41f73b0
Event: 75679.688 Thread 0x00000246d41f73b0 Thread exited: 0x00000246d41f73b0
Event: 75679.717 Thread 0x00000246d41f52e0 Thread exited: 0x00000246d41f52e0
Event: 75711.007 Thread 0x00000246d41f4c50 Thread exited: 0x00000246d41f4c50
Event: 75711.021 Thread 0x00000246d41f6690 Thread exited: 0x00000246d41f6690
Event: 75712.220 Thread 0x00000246d41f3f30 Thread exited: 0x00000246d41f3f30
Event: 75722.298 Thread 0x00000246d41f7a40 Thread exited: 0x00000246d41f7a40
Event: 75722.298 Thread 0x00000246d41f80d0 Thread exited: 0x00000246d41f80d0


Dynamic libraries:
0x00007ff67cd40000 - 0x00007ff67cd4e000 	c:\Users\user\.vscode\extensions\redhat.java-1.56.0-win32-x64\jre\21.0.12.1-win32-x86_64\bin\java.exe
0x00007ffebdfe0000 - 0x00007ffebe246000 	C:\WINDOWS\SYSTEM32\ntdll.dll
0x00007ffebd3a0000 - 0x00007ffebd469000 	C:\WINDOWS\System32\KERNEL32.DLL
0x00007ffebb5d0000 - 0x00007ffebb9cf000 	C:\WINDOWS\System32\KERNELBASE.dll
0x00007ffebb220000 - 0x00007ffebb36c000 	C:\WINDOWS\System32\ucrtbase.dll
0x00007ffe8e6b0000 - 0x00007ffe8e6c8000 	c:\Users\user\.vscode\extensions\redhat.java-1.56.0-win32-x64\jre\21.0.12.1-win32-x86_64\bin\jli.dll
0x00007ffebd040000 - 0x00007ffebd206000 	C:\WINDOWS\System32\USER32.dll
0x00007ffebb1f0000 - 0x00007ffebb217000 	C:\WINDOWS\System32\win32u.dll
0x00007ffebd7c0000 - 0x00007ffebd7eb000 	C:\WINDOWS\System32\GDI32.dll
0x00007ffebba90000 - 0x00007ffebbbb9000 	C:\WINDOWS\System32\gdi32full.dll
0x00007ffebb9e0000 - 0x00007ffebba83000 	C:\WINDOWS\System32\msvcp_win.dll
0x00007ffe8fd30000 - 0x00007ffe8fd4e000 	c:\Users\user\.vscode\extensions\redhat.java-1.56.0-win32-x64\jre\21.0.12.1-win32-x86_64\bin\VCRUNTIME140.dll
0x00007ffea1500000 - 0x00007ffea1791000 	C:\WINDOWS\WinSxS\amd64_microsoft.windows.common-controls_6595b64144ccf1df_6.0.26100.8972_none_3e0da176e32f9d4b\COMCTL32.dll
0x00007ffebde60000 - 0x00007ffebdf09000 	C:\WINDOWS\System32\msvcrt.dll
0x00007ffebd5e0000 - 0x00007ffebd612000 	C:\WINDOWS\System32\IMM32.DLL
0x00007ffeb9320000 - 0x00007ffeb932c000 	c:\Users\user\.vscode\extensions\redhat.java-1.56.0-win32-x64\jre\21.0.12.1-win32-x86_64\bin\vcruntime140_1.dll
0x00007ffe7d310000 - 0x00007ffe7d39d000 	c:\Users\user\.vscode\extensions\redhat.java-1.56.0-win32-x64\jre\21.0.12.1-win32-x86_64\bin\msvcp140.dll
0x00007ffdce6e0000 - 0x00007ffdcf482000 	c:\Users\user\.vscode\extensions\redhat.java-1.56.0-win32-x64\jre\21.0.12.1-win32-x86_64\bin\server\jvm.dll
0x00007ffebbd10000 - 0x00007ffebbdcc000 	C:\WINDOWS\System32\ADVAPI32.dll
0x00007ffebd210000 - 0x00007ffebd2ba000 	C:\WINDOWS\System32\sechost.dll
0x00007ffebcd60000 - 0x00007ffebce78000 	C:\WINDOWS\System32\RPCRT4.dll
0x00007ffebdf10000 - 0x00007ffebdf92000 	C:\WINDOWS\System32\WS2_32.dll
0x00007ffeb3200000 - 0x00007ffeb3236000 	C:\WINDOWS\SYSTEM32\WINMM.dll
0x00007ffebb050000 - 0x00007ffebb0ae000 	C:\WINDOWS\SYSTEM32\POWRPROF.dll
0x00007ffeb34a0000 - 0x00007ffeb34ab000 	C:\WINDOWS\SYSTEM32\VERSION.dll
0x00007ffebb030000 - 0x00007ffebb045000 	C:\WINDOWS\SYSTEM32\UMPDC.dll
0x00007ffeb9ea0000 - 0x00007ffeb9ebb000 	C:\WINDOWS\SYSTEM32\kernel.appcore.dll
0x00007ffeac3a0000 - 0x00007ffeac3aa000 	c:\Users\user\.vscode\extensions\redhat.java-1.56.0-win32-x64\jre\21.0.12.1-win32-x86_64\bin\jimage.dll
0x00007ffeb87c0000 - 0x00007ffeb8a02000 	C:\WINDOWS\SYSTEM32\DBGHELP.DLL
0x00007ffebdad0000 - 0x00007ffebde55000 	C:\WINDOWS\System32\combase.dll
0x00007ffebc320000 - 0x00007ffebc3f9000 	C:\WINDOWS\System32\OLEAUT32.dll
0x00007ffe9ec30000 - 0x00007ffe9ec6b000 	C:\WINDOWS\SYSTEM32\dbgcore.DLL
0x00007ffebbbc0000 - 0x00007ffebbc6c000 	C:\WINDOWS\System32\bcryptPrimitives.dll
0x00007ffea29d0000 - 0x00007ffea29df000 	c:\Users\user\.vscode\extensions\redhat.java-1.56.0-win32-x64\jre\21.0.12.1-win32-x86_64\bin\instrument.dll
0x00007ffe8e1d0000 - 0x00007ffe8e1f0000 	c:\Users\user\.vscode\extensions\redhat.java-1.56.0-win32-x64\jre\21.0.12.1-win32-x86_64\bin\java.dll
0x00007ffebc510000 - 0x00007ffebcc98000 	C:\WINDOWS\System32\SHELL32.dll
0x00007ffeb8a60000 - 0x00007ffeb92fb000 	C:\WINDOWS\SYSTEM32\windows.storage.dll
0x00007ffebd7f0000 - 0x00007ffebd8e9000 	C:\WINDOWS\System32\SHCORE.dll
0x00007ffebc2b0000 - 0x00007ffebc316000 	C:\WINDOWS\System32\shlwapi.dll
0x00007ffebb110000 - 0x00007ffebb139000 	C:\WINDOWS\SYSTEM32\profapi.dll
0x00007ffe8c990000 - 0x00007ffe8c9a8000 	c:\Users\user\.vscode\extensions\redhat.java-1.56.0-win32-x64\jre\21.0.12.1-win32-x86_64\bin\zip.dll
0x00007ffea05f0000 - 0x00007ffea0600000 	C:\Users\user\.vscode\extensions\redhat.java-1.56.0-win32-x64\jre\21.0.12.1-win32-x86_64\bin\net.dll
0x00007ffeb4070000 - 0x00007ffeb4198000 	C:\WINDOWS\SYSTEM32\WINHTTP.dll
0x00007ffeba430000 - 0x00007ffeba49c000 	C:\WINDOWS\system32\mswsock.dll
0x00007ffe8c7e0000 - 0x00007ffe8c7f6000 	C:\Users\user\.vscode\extensions\redhat.java-1.56.0-win32-x64\jre\21.0.12.1-win32-x86_64\bin\nio.dll
0x00007ffea04f0000 - 0x00007ffea0500000 	c:\Users\user\.vscode\extensions\redhat.java-1.56.0-win32-x64\jre\21.0.12.1-win32-x86_64\bin\verify.dll
0x00007ffe7df70000 - 0x00007ffe7dfb5000 	C:\Users\user\AppData\Roaming\Code\User\globalStorage\redhat.java\1.56.0\config_win\org.eclipse.equinox.launcher\org.eclipse.equinox.launcher.win32.win32.x86_64_1.3.100.v20260804-1928\eclipse_11924.dll
0x00007ffebce80000 - 0x00007ffebd019000 	C:\WINDOWS\System32\ole32.dll
0x00007ffeba850000 - 0x00007ffeba86b000 	C:\WINDOWS\SYSTEM32\CRYPTSP.dll
0x00007ffeb9e00000 - 0x00007ffeb9e39000 	C:\WINDOWS\system32\rsaenh.dll
0x00007ffeba4e0000 - 0x00007ffeba512000 	C:\WINDOWS\SYSTEM32\USERENV.dll
0x00007ffebb0e0000 - 0x00007ffebb10a000 	C:\WINDOWS\SYSTEM32\bcrypt.dll
0x00007ffeba690000 - 0x00007ffeba69c000 	C:\WINDOWS\SYSTEM32\CRYPTBASE.dll
0x00007ffeb9850000 - 0x00007ffeb9883000 	C:\WINDOWS\SYSTEM32\IPHLPAPI.DLL
0x00007ffebc2a0000 - 0x00007ffebc2aa000 	C:\WINDOWS\System32\NSI.dll
0x00007ffe7c1c0000 - 0x00007ffe7c209000 	C:\Users\user\AppData\Local\Temp\jna-3599307\jna6161479618702371328.dll
0x00007ffebc290000 - 0x00007ffebc298000 	C:\WINDOWS\System32\PSAPI.DLL
0x00007ffeb4260000 - 0x00007ffeb427d000 	C:\WINDOWS\SYSTEM32\dhcpcsvc6.DLL
0x00007ffeb4200000 - 0x00007ffeb4225000 	C:\WINDOWS\SYSTEM32\dhcpcsvc.DLL

JVMTI agents:
c:\Users\user\.vscode\extensions\redhat.java-1.56.0-win32-x64\lombok\lombok-1.18.39-4050.jar path:c:\Users\user\.vscode\extensions\redhat.java-1.56.0-win32-x64\jre\21.0.12.1-win32-x86_64\bin\instrument.dll, loaded, initialized, instrumentlib options:none

dbghelp: loaded successfully - version: 4.0.5 - missing functions: none
symbol engine: initialized successfully - sym options: 0x614 - pdb path: .;c:\Users\user\.vscode\extensions\redhat.java-1.56.0-win32-x64\jre\21.0.12.1-win32-x86_64\bin;C:\WINDOWS\SYSTEM32;C:\WINDOWS\WinSxS\amd64_microsoft.windows.common-controls_6595b64144ccf1df_6.0.26100.8972_none_3e0da176e32f9d4b;c:\Users\user\.vscode\extensions\redhat.java-1.56.0-win32-x64\jre\21.0.12.1-win32-x86_64\bin\server;C:\Users\user\AppData\Roaming\Code\User\globalStorage\redhat.java\1.56.0\config_win\org.eclipse.equinox.launcher\org.eclipse.equinox.launcher.win32.win32.x86_64_1.3.100.v20260804-1928;C:\Users\user\AppData\Local\Temp\jna-3599307

VM Arguments:
jvm_args: --add-modules=ALL-SYSTEM --add-opens=java.base/java.util=ALL-UNNAMED --add-opens=java.base/java.lang=ALL-UNNAMED --add-opens=java.base/sun.nio.fs=ALL-UNNAMED -Declipse.application=org.eclipse.jdt.ls.core.id1 -Dosgi.bundles.defaultStartLevel=4 -Declipse.product=org.eclipse.jdt.ls.core.product -Djava.import.generatesMetadataFilesAtProjectRoot=false -Dm2e.project.cache.size=50 -DDetectVMInstallationsJob.disabled=true -Dfile.encoding=utf8 -XX:+UseParallelGC -XX:GCTimeRatio=4 -XX:AdaptiveSizePolicyWeight=90 -Dsun.zip.disableMemoryMapping=true -Xmx2G -Xms100m -Xlog:disable -javaagent:c:\Users\user\.vscode\extensions\redhat.java-1.56.0-win32-x64\lombok\lombok-1.18.39-4050.jar -XX:+HeapDumpOnOutOfMemoryError -XX:HeapDumpPath=c:\Users\user\AppData\Roaming\Code\User\workspaceStorage\f5c56c4daec1d42e930c3d9137f263bc\redhat.java -Daether.dependencyCollector.impl=bf 
java_command: c:\Users\user\.vscode\extensions\redhat.java-1.56.0-win32-x64\server\plugins\org.eclipse.equinox.launcher_1.8.0.v20260804-1928.jar -configuration c:\Users\user\AppData\Roaming\Code\User\globalStorage\redhat.java\1.56.0\config_win -data c:\Users\user\AppData\Roaming\Code\User\workspaceStorage\f5c56c4daec1d42e930c3d9137f263bc\redhat.java\jdt_ws --pipe=\\.\pipe\lsp-d5564b2027f94ba503a8de33bcff9505-sock
java_class_path (initial): c:\Users\user\.vscode\extensions\redhat.java-1.56.0-win32-x64\server\plugins\org.eclipse.equinox.launcher_1.8.0.v20260804-1928.jar
Launcher Type: SUN_STANDARD

[Global flags]
    uintx AdaptiveSizePolicyWeight                 = 90                                        {product} {command line}
     intx CICompilerCount                          = 4                                         {product} {ergonomic}
    uintx GCTimeRatio                              = 4                                         {product} {command line}
     bool HeapDumpOnOutOfMemoryError               = true                                   {manageable} {command line}
    ccstr HeapDumpPath                             = c:\Users\user\AppData\Roaming\Code\User\workspaceStorage\f5c56c4daec1d42e930c3d9137f263bc\redhat.java         {manageable} {command line}
   size_t InitialHeapSize                          = 104857600                                 {product} {command line}
   size_t MaxHeapSize                              = 2147483648                                {product} {command line}
   size_t MaxNewSize                               = 715653120                                 {product} {ergonomic}
   size_t MinHeapDeltaBytes                        = 524288                                    {product} {ergonomic}
   size_t MinHeapSize                              = 104857600                                 {product} {command line}
   size_t NewSize                                  = 34603008                                  {product} {ergonomic}
    uintx NonNMethodCodeHeapSize                   = 5839372                                {pd product} {ergonomic}
    uintx NonProfiledCodeHeapSize                  = 122909434                              {pd product} {ergonomic}
   size_t OldSize                                  = 70254592                                  {product} {ergonomic}
    uintx ProfiledCodeHeapSize                     = 122909434                              {pd product} {ergonomic}
    uintx ReservedCodeCacheSize                    = 251658240                              {pd product} {ergonomic}
     bool SegmentedCodeCache                       = true                                      {product} {ergonomic}
   size_t SoftMaxHeapSize                          = 2147483648                             {manageable} {ergonomic}
     bool UseCompressedOops                        = true                           {product lp64_product} {ergonomic}
     bool UseLargePagesIndividualAllocation        = false                                  {pd product} {ergonomic}
     bool UseParallelGC                            = true                                      {product} {command line}

Logging:
Log output configuration:
 #0: stdout all=off uptime,level,tags foldmultilines=false
 #1: stderr all=off uptime,level,tags foldmultilines=false

Release file:
JAVA_VERSION="21.0.12.1" 
MODULES="java.base java.compiler java.datatransfer java.xml java.prefs java.desktop java.instrument java.logging java.management java.security.sasl java.naming java.rmi java.management.rmi java.net.http java.scripting java.security.jgss java.transaction.xa java.sql java.sql.rowset java.xml.crypto java.se java.smartcardio jdk.accessibility jdk.internal.jvmstat jdk.attach jdk.charsets jdk.internal.opt jdk.zipfs jdk.compiler jdk.crypto.ec jdk.crypto.cryptoki jdk.crypto.mscapi jdk.dynalink jdk.internal.ed jdk.editpad jdk.hotspot.agent jdk.httpserver jdk.internal.le jdk.internal.vm.ci jdk.internal.vm.compiler jdk.internal.vm.compiler.management jdk.jartool jdk.javadoc jdk.jcmd jdk.management jdk.management.agent jdk.jconsole jdk.jdeps jdk.jdwp.agent jdk.jdi jdk.jfr jdk.jshell jdk.jsobject jdk.jstatd jdk.localedata jdk.management.jfr jdk.naming.dns jdk.naming.rmi jdk.net jdk.nio.mapmode jdk.random jdk.sctp jdk.security.auth jdk.security.jgss jdk.unsupported jdk.unsupported.desktop jdk.xml.dom" 

Environment Variables:
JAVA_HOME=C:\Program Files\Eclipse Adoptium\jdk-17.0.19.10-hotspot\
PATH=C:\Program Files\Eclipse Adoptium\jdk-17.0.19.10-hotspot\bin;C:\Python314\Scripts\;C:\Python314\;C:\WINDOWS\system32;C:\WINDOWS;C:\WINDOWS\System32\Wbem;C:\WINDOWS\System32\WindowsPowerShell\v1.0\;C:\WINDOWS\System32\OpenSSH\;C:\Program Files\nodejs\;C:\ProgramData\chocolatey\bin;C:\Program Files\Docker\Docker\resources\bin;C:\Program Files\apache-maven-3.9.16\bin;C:\Program Files\Git\cmd;C:\Program Files\MySQL\MySQL Shell 8.0\bin\;C:\Users\user\AppData\Local\Microsoft\WindowsApps;C:\Users\user\AppData\Roaming\npm;C:\Users\user\AppData\Local\Programs\Microsoft VS Code\bin;
USERNAME=user
OS=Windows_NT
PROCESSOR_IDENTIFIER=AMD64 Family 23 Model 96 Stepping 1, AuthenticAMD
TMP=C:\Users\user\AppData\Local\Temp
TEMP=C:\Users\user\AppData\Local\Temp




Periodic native trim disabled

---------------  S Y S T E M  ---------------

OS:
 Windows 11 , 64 bit Build 26100 (10.0.26100.9168)
OS uptime: 4 days 22:41 hours
Hyper-V role detected

CPU: total 12 (initial active 12) (12 cores per cpu, 2 threads per core) family 23 model 96 stepping 1 microcode 0x860010f, cx8, cmov, fxsr, ht, mmx, 3dnowpref, sse, sse2, sse3, ssse3, sse4a, sse4.1, sse4.2, popcnt, lzcnt, tsc, tscinvbit, avx, avx2, aes, clmul, bmi1, bmi2, adx, sha, fma, vzeroupper, clflush, clflushopt, hv, rdtscp, rdpid, f16c
Processor Information for the first 12 processors :
  Max Mhz: 2100, Current Mhz: 2100, Mhz Limit: 2100

Memory: 4k page, system-wide physical 7505M (326M free)
TotalPageFile size 30033M (AvailPageFile size 209M)
current process WorkingSet (physical memory assigned to process): 9M, peak: 341M
current process commit charge ("private bytes"): 504M, peak: 539M

vm_info: OpenJDK 64-Bit Server VM (21.0.12.1+1-LTS) for windows-amd64 JRE (21.0.12.1+1-LTS), built on 2026-08-18T00:00:00Z by "admin" with MS VC++ 17.12 (VS2022)

END.
